Microsoft Windows [Version 10.0.22621.1105]
(c) Microsoft Corporation. All rights reserved.

C:\suv>git clone https://github.com/suvrajeet01/lw3.io_dao.git
Cloning into 'lw3.io_dao'...
remote: Enumerating objects: 3, done.
remote: Counting objects: 100% (3/3), done.
remote: Compressing objects: 100% (2/2), done.
remote: Total 3 (delta 0), reused 0 (delta 0), pack-reused 0
Receiving objects: 100% (3/3), done.

C:\suv>cd lw3.io_dao

C:\suv\lw3.io_dao>node -v
v16.19.0

C:\suv\lw3.io_dao>npx @startertemp/nextjs-hardhat DAO-Tutorial
Installing web3modal project
----- Downloading project template to dao-tutorial
Cloning into 'dao-tutorial'...
remote: Enumerating objects: 46, done.
remote: Counting objects: 100% (46/46), done.
remote: Compressing objects: 100% (37/37), done.
Receiving objects:  93% (43/46)sed 36 (delta 2), pack-reused 0Receiving objects:  89% (41/46)
Receiving objects: 100% (46/46), 25.19 KiB | 159.00 KiB/s, done.
Resolving deltas: 100% (3/3), done.
----- Detected Platform win32
----- Installing Web3Modal
----- Installing Frontend dependancies

added 121 packages, and audited 122 packages in 30s

36 packages are looking for funding
  run `npm fund` for details

found 0 vulnerabilities
----- Installing Backend dependancies
npm WARN deprecated request-promise-native@1.0.9: request-promise-native has been deprecated because it extends the now deprecated request package, see https://github.com/request/request/issues/3142
npm WARN deprecated har-validator@5.1.5: this library is no longer supported
npm WARN deprecated debug@3.2.6: Debug versions >=3.2.0 <3.2.7 || >=4 <4.3.1 have a low-severity ReDos regression when used in a Node.js environment. It is recommended you upgrade to 3.2.7 or 4.3.1. (https://github.com/visionmedia/debug/issues/797)
npm WARN deprecated debug@3.2.6: Debug versions >=3.2.0 <3.2.7 || >=4 <4.3.1 have a low-severity ReDos regression when used in a Node.js environment. It is recommended you upgrade to 3.2.7 or 4.3.1. (https://github.com/visionmedia/debug/issues/797)
npm WARN deprecated uuid@2.0.1: Please upgrade  to version 7 or higher.  Older versions may use Math.random() in certain circumstances, which is known to be problematic.  See https://v8.dev/blog/math-random for details.
npm WARN deprecated uuid@3.4.0: Please upgrade  to version 7 or higher.  Older versions may use Math.random() in certain circumstances, which is known to be problematic.  See https://v8.dev/blog/math-random for details.
npm WARN deprecated request@2.88.2: request has been deprecated, see https://github.com/request/request/issues/3142

added 704 packages, and audited 705 packages in 2m

121 packages are looking for funding
  run `npm fund` for details

8 vulnerabilities (5 high, 3 critical)

To address all issues (including breaking changes), run:
  npm audit fix --force

Run `npm audit` for details.
----- Clearing out Installation Directories
        1 file(s) moved.
----- Initialising Git
Initialized empty Git repository in C:/suv/lw3.io_dao/dao-tutorial/.git/
------ Successfully Installed All!
cd frontend && npm run dev
--<3- Made by Love with Startertemp and LearnWeb3DAO

C:\suv\lw3.io_dao>cd dao-tutorial

C:\suv\lw3.io_dao\dao-tutorial>npm update

up to date in 105ms

C:\suv\lw3.io_dao\dao-tutorial>cd backend

C:\suv\lw3.io_dao\dao-tutorial\backend>npx hardhat compile
Compiled 2 Solidity files successfully

C:\suv\lw3.io_dao\dao-tutorial\backend>npx hardhat run scripts/deploy.js































































FakeNFTMarketplace deployed to:  0x34F2cF53F3E79B33eAc62B7e4EbFFFC58f04678A
CryptoDevsDAO deployed to:  0x7Bd3169B37F31a6E923f24c20BCbfdcebBCf31AB









































































C:\suv\lw3.io_dao\dao-tutorial\backend>cd ..\frontend

C:\suv\lw3.io_dao\dao-tutorial\frontend>npm run dev

> frontend@1.0.0 dev
> next dev

ready - started server on 0.0.0.0:3000, url: http://localhost:3000
event - compiled client and server successfully in 2.4s (159 modules)
wait  - compiling / (client and server)...
event - compiled client and server successfully in 7.9s (330 modules)

C:\suv\lw3.io_dao\dao-tutorial\frontend>git status
On branch trunk
Your branch is up to date with 'origin/trunk'.

Untracked files:
  (use "git add <file>..." to include in what will be committed)
        ../../contract-addresses
        ../
        ../../goerlifaucet.txt
        ../../operation_operating-the-app.txt
        ../../terminal-commands.txt

nothing added to commit but untracked files present (use "git add" to track)

C:\suv\lw3.io_dao\dao-tutorial\frontend>cd ../..

C:\suv\lw3.io_dao>git status
On branch trunk
Your branch is up to date with 'origin/trunk'.

Untracked files:
  (use "git add <file>..." to include in what will be committed)
        contract-addresses
        dao-tutorial/
        goerlifaucet.txt
        operation_operating-the-app.txt
        terminal-commands.txt

nothing added to commit but untracked files present (use "git add" to track)

C:\suv\lw3.io_dao>git add .
warning: LF will be replaced by CRLF in dao-tutorial/1.git.clone/HEAD.
The file will have its original line endings in your working directory
warning: LF will be replaced by CRLF in dao-tutorial/1.git.clone/config.
The file will have its original line endings in your working directory
warning: LF will be replaced by CRLF in dao-tutorial/1.git.clone/description.
The file will have its original line endings in your working directory
warning: LF will be replaced by CRLF in dao-tutorial/1.git.clone/hooks/applypatch-msg.sample.
The file will have its original line endings in your working directory
warning: LF will be replaced by CRLF in dao-tutorial/1.git.clone/hooks/commit-msg.sample.
The file will have its original line endings in your working directory
warning: LF will be replaced by CRLF in dao-tutorial/1.git.clone/hooks/fsmonitor-watchman.sample.
The file will have its original line endings in your working directory
warning: LF will be replaced by CRLF in dao-tutorial/1.git.clone/hooks/post-update.sample.
The file will have its original line endings in your working directory
warning: LF will be replaced by CRLF in dao-tutorial/1.git.clone/hooks/pre-applypatch.sample.
The file will have its original line endings in your working directory
warning: LF will be replaced by CRLF in dao-tutorial/1.git.clone/hooks/pre-commit.sample.
The file will have its original line endings in your working directory
warning: LF will be replaced by CRLF in dao-tutorial/1.git.clone/hooks/pre-merge-commit.sample.
The file will have its original line endings in your working directory
warning: LF will be replaced by CRLF in dao-tutorial/1.git.clone/hooks/pre-push.sample.
The file will have its original line endings in your working directory
warning: LF will be replaced by CRLF in dao-tutorial/1.git.clone/hooks/pre-rebase.sample.
The file will have its original line endings in your working directory
warning: LF will be replaced by CRLF in dao-tutorial/1.git.clone/hooks/pre-receive.sample.
The file will have its original line endings in your working directory
warning: LF will be replaced by CRLF in dao-tutorial/1.git.clone/hooks/prepare-commit-msg.sample.
The file will have its original line endings in your working directory
warning: LF will be replaced by CRLF in dao-tutorial/1.git.clone/hooks/push-to-checkout.sample.
The file will have its original line endings in your working directory
warning: LF will be replaced by CRLF in dao-tutorial/1.git.clone/hooks/update.sample.
The file will have its original line endings in your working directory
warning: LF will be replaced by CRLF in dao-tutorial/1.git.clone/info/exclude.
The file will have its original line endings in your working directory
warning: LF will be replaced by CRLF in dao-tutorial/package-lock.json.
The file will have its original line endings in your working directory

C:\suv\lw3.io_dao>git status
On branch trunk
Your branch is up to date with 'origin/trunk'.

Changes to be committed:
  (use "git restore --staged <file>..." to unstage)
        new file:   contract-addresses
        new file:   dao-tutorial/.gitignore
        new file:   dao-tutorial/1.git.clone/HEAD
        new file:   dao-tutorial/1.git.clone/config
        new file:   dao-tutorial/1.git.clone/description
        new file:   dao-tutorial/1.git.clone/hooks/applypatch-msg.sample
        new file:   dao-tutorial/1.git.clone/hooks/commit-msg.sample
        new file:   dao-tutorial/1.git.clone/hooks/fsmonitor-watchman.sample
        new file:   dao-tutorial/1.git.clone/hooks/post-update.sample
        new file:   dao-tutorial/1.git.clone/hooks/pre-applypatch.sample
        new file:   dao-tutorial/1.git.clone/hooks/pre-commit.sample
        new file:   dao-tutorial/1.git.clone/hooks/pre-merge-commit.sample
        new file:   dao-tutorial/1.git.clone/hooks/pre-push.sample
        new file:   dao-tutorial/1.git.clone/hooks/pre-rebase.sample
        new file:   dao-tutorial/1.git.clone/hooks/pre-receive.sample
        new file:   dao-tutorial/1.git.clone/hooks/prepare-commit-msg.sample
        new file:   dao-tutorial/1.git.clone/hooks/push-to-checkout.sample
        new file:   dao-tutorial/1.git.clone/hooks/update.sample
        new file:   dao-tutorial/1.git.clone/info/exclude
        new file:   dao-tutorial/backend/.gitignore
        new file:   dao-tutorial/backend/constants.js
        new file:   dao-tutorial/backend/contracts/CryptoDevsDAO.sol
        new file:   dao-tutorial/backend/contracts/FakeNFTMarketplace.sol
        new file:   dao-tutorial/backend/contracts/Lock.sol
        new file:   dao-tutorial/backend/hardhat.config.js
        new file:   dao-tutorial/backend/package.json
        new file:   dao-tutorial/backend/scripts/deploy.js
        new file:   dao-tutorial/frontend/.gitignore
        new file:   dao-tutorial/frontend/components/.gitkeep
        new file:   dao-tutorial/frontend/constants.js
        new file:   dao-tutorial/frontend/next.config.js
        new file:   dao-tutorial/frontend/package.json
        new file:   dao-tutorial/frontend/pages/_appRain.jsx
        new file:   dao-tutorial/frontend/pages/api/hello.js
        new file:   dao-tutorial/frontend/pages/help.jsx
        new file:   dao-tutorial/frontend/pages/index.jsx
        new file:   dao-tutorial/frontend/public/cryptodevs/0.svg
        new file:   dao-tutorial/frontend/public/favicon.ico
        new file:   dao-tutorial/frontend/public/vercel.svg
        new file:   dao-tutorial/frontend/styles/Help.module.css
        new file:   dao-tutorial/frontend/styles/Home.module.css
        new file:   dao-tutorial/frontend/styles/globals.css
        new file:   dao-tutorial/package-lock.json
        new file:   goerlifaucet.txt
        new file:   operation_operating-the-app.txt
        new file:   terminal-commands.txt


C:\suv\lw3.io_dao>git commit -m "dao to invest in nfts"
[trunk 8167c53] dao to invest in nfts
 46 files changed, 3728 insertions(+)
 create mode 100644 contract-addresses
 create mode 100644 dao-tutorial/.gitignore
 create mode 100644 dao-tutorial/1.git.clone/HEAD
 create mode 100644 dao-tutorial/1.git.clone/config
 create mode 100644 dao-tutorial/1.git.clone/description
 create mode 100644 dao-tutorial/1.git.clone/hooks/applypatch-msg.sample
 create mode 100644 dao-tutorial/1.git.clone/hooks/commit-msg.sample
 create mode 100644 dao-tutorial/1.git.clone/hooks/fsmonitor-watchman.sample
 create mode 100644 dao-tutorial/1.git.clone/hooks/post-update.sample
 create mode 100644 dao-tutorial/1.git.clone/hooks/pre-applypatch.sample
 create mode 100644 dao-tutorial/1.git.clone/hooks/pre-commit.sample
 create mode 100644 dao-tutorial/1.git.clone/hooks/pre-merge-commit.sample
 create mode 100644 dao-tutorial/1.git.clone/hooks/pre-push.sample
 create mode 100644 dao-tutorial/1.git.clone/hooks/pre-rebase.sample
 create mode 100644 dao-tutorial/1.git.clone/hooks/pre-receive.sample
 create mode 100644 dao-tutorial/1.git.clone/hooks/prepare-commit-msg.sample
 create mode 100644 dao-tutorial/1.git.clone/hooks/push-to-checkout.sample
 create mode 100644 dao-tutorial/1.git.clone/hooks/update.sample
 create mode 100644 dao-tutorial/1.git.clone/info/exclude
 create mode 100644 dao-tutorial/backend/.gitignore
 create mode 100644 dao-tutorial/backend/constants.js
 create mode 100644 dao-tutorial/backend/contracts/CryptoDevsDAO.sol
 create mode 100644 dao-tutorial/backend/contracts/FakeNFTMarketplace.sol
 create mode 100644 dao-tutorial/backend/contracts/Lock.sol
 create mode 100644 dao-tutorial/backend/hardhat.config.js
 create mode 100644 dao-tutorial/backend/package.json
 create mode 100644 dao-tutorial/backend/scripts/deploy.js
 create mode 100644 dao-tutorial/frontend/.gitignore
 create mode 100644 dao-tutorial/frontend/components/.gitkeep
 create mode 100644 dao-tutorial/frontend/constants.js
 create mode 100644 dao-tutorial/frontend/next.config.js
 create mode 100644 dao-tutorial/frontend/package.json
 create mode 100644 dao-tutorial/frontend/pages/_appRain.jsx
 create mode 100644 dao-tutorial/frontend/pages/api/hello.js
 create mode 100644 dao-tutorial/frontend/pages/help.jsx
 create mode 100644 dao-tutorial/frontend/pages/index.jsx
 create mode 100644 dao-tutorial/frontend/public/cryptodevs/0.svg
 create mode 100644 dao-tutorial/frontend/public/favicon.ico
 create mode 100644 dao-tutorial/frontend/public/vercel.svg
 create mode 100644 dao-tutorial/frontend/styles/Help.module.css
 create mode 100644 dao-tutorial/frontend/styles/Home.module.css
 create mode 100644 dao-tutorial/frontend/styles/globals.css
 create mode 100644 dao-tutorial/package-lock.json
 create mode 100644 goerlifaucet.txt
 create mode 100644 operation_operating-the-app.txt
 create mode 100644 terminal-commands.txt

C:\suv\lw3.io_dao>git status
On branch trunk
Your branch is ahead of 'origin/trunk' by 1 commit.
  (use "git push" to publish your local commits)

nothing to commit, working tree clean

C:\suv\lw3.io_dao>git push
Enumerating objects: 63, done.
Counting objects: 100% (63/63), done.
Delta compression using up to 8 threads
Compressing objects: 100% (55/55), done.
Writing objects: 100% (62/62), 44.57 KiB | 2.79 MiB/s, done.
Total 62 (delta 5), reused 0 (delta 0), pack-reused 0
remote: Resolving deltas: 100% (5/5), done.
To https://github.com/suvrajeet01/lw3.io_dao.git
   ac040df..8167c53  trunk -> trunk

C:\suv\lw3.io_dao>git status
On branch trunk
Your branch is up to date with 'origin/trunk'.

Changes not staged for commit:
  (use "git add <file>..." to update what will be committed)
  (use "git restore <file>..." to discard changes in working directory)
        modified:   terminal-commands.txt

no changes added to commit (use "git add" and/or "git commit -a")

C:\suv\lw3.io_dao>git add .

C:\suv\lw3.io_dao>git commit -m "terminal commands"
[trunk 55f270a] terminal commands
 1 file changed, 191 insertions(+), 1 deletion(-)

C:\suv\lw3.io_dao>git status
On branch trunk
Your branch is ahead of 'origin/trunk' by 1 commit.
  (use "git push" to publish your local commits)

nothing to commit, working tree clean

C:\suv\lw3.io_dao>git push
Enumerating objects: 5, done.
Counting objects: 100% (5/5), done.
Delta compression using up to 8 threads
Compressing objects: 100% (3/3), done.
Writing objects: 100% (3/3), 3.04 KiB | 3.04 MiB/s, done.
Total 3 (delta 1), reused 0 (delta 0), pack-reused 0
remote: Resolving deltas: 100% (1/1), completed with 1 local object.
To https://github.com/suvrajeet01/lw3.io_dao.git
   8167c53..55f270a  trunk -> trunk

C:\suv\lw3.io_dao>















Microsoft Windows [Version 10.0.22621.1105]
(c) Microsoft Corporation. All rights reserved.

C:\suv\lw3.io_dao>npm audit fix --force
npm WARN using --force Recommended protections disabled.
npm ERR! code ENOLOCK
npm ERR! audit This command requires an existing lockfile.
npm ERR! audit Try creating one first with: npm i --package-lock-only
npm ERR! audit Original error: loadVirtual requires existing shrinkwrap file

npm ERR! A complete log of this run can be found in:
npm ERR!     C:\Users\preda\AppData\Local\npm-cache\_logs\2023-02-19T01_03_35_822Z-debug-0.log

C:\suv\lw3.io_dao>git status
On branch trunk
Your branch is up to date with 'origin/trunk'.

Changes not staged for commit:
  (use "git add/rm <file>..." to update what will be committed)
  (use "git restore <file>..." to discard changes in working directory)
        deleted:    dao-tutorial/frontend/pages/_appRain.jsx
        modified:   terminal-commands.txt

no changes added to commit (use "git add" and/or "git commit -a")

C:\suv\lw3.io_dao>git add .

C:\suv\lw3.io_dao>git status
On branch trunk
Your branch is up to date with 'origin/trunk'.

Changes to be committed:
  (use "git restore --staged <file>..." to unstage)
        deleted:    dao-tutorial/frontend/pages/_appRain.jsx
        modified:   terminal-commands.txt


C:\suv\lw3.io_dao>git commit -m "dao to invest in nfts"
[trunk b3f521a] dao to invest in nfts
 2 files changed, 14 insertions(+), 54 deletions(-)
 delete mode 100644 dao-tutorial/frontend/pages/_appRain.jsx

C:\suv\lw3.io_dao>git status
On branch trunk
Your branch is ahead of 'origin/trunk' by 1 commit.
  (use "git push" to publish your local commits)

nothing to commit, working tree clean

C:\suv\lw3.io_dao>git push
Enumerating objects: 11, done.
Counting objects: 100% (11/11), done.
Delta compression using up to 8 threads
Compressing objects: 100% (6/6), done.
Writing objects: 100% (6/6), 792 bytes | 792.00 KiB/s, done.
Total 6 (delta 5), reused 0 (delta 0), pack-reused 0
remote: Resolving deltas: 100% (5/5), completed with 5 local objects.
To https://github.com/suvrajeet01/lw3.io_dao.git
   cdc802b..b3f521a  trunk -> trunk

C:\suv\lw3.io_dao>git status
On branch trunk
Your branch is up to date with 'origin/trunk'.

Changes not staged for commit:
  (use "git add <file>..." to update what will be committed)
  (use "git restore <file>..." to discard changes in working directory)
        modified:   terminal-commands.txt

no changes added to commit (use "git add" and/or "git commit -a")

C:\suv\lw3.io_dao>git add .

C:\suv\lw3.io_dao>git status
On branch trunk
Your branch is up to date with 'origin/trunk'.

Changes to be committed:
  (use "git restore --staged <file>..." to unstage)
        modified:   terminal-commands.txt


C:\suv\lw3.io_dao>git commit -m "terminal-commands"
[trunk 2cba342] terminal-commands
 1 file changed, 47 insertions(+)

C:\suv\lw3.io_dao>git status
On branch trunk
Your branch is ahead of 'origin/trunk' by 1 commit.
  (use "git push" to publish your local commits)

nothing to commit, working tree clean

C:\suv\lw3.io_dao>git push
Enumerating objects: 5, done.
Counting objects: 100% (5/5), done.
Delta compression using up to 8 threads
Compressing objects: 100% (3/3), done.
Writing objects: 100% (3/3), 543 bytes | 543.00 KiB/s, done.
Total 3 (delta 2), reused 0 (delta 0), pack-reused 0
remote: Resolving deltas: 100% (2/2), completed with 2 local objects.
To https://github.com/suvrajeet01/lw3.io_dao.git
   b3f521a..2cba342  trunk -> trunk

C:\suv\lw3.io_dao>